// Jest Snapshot v1, https://goo.gl/fbAQLP

exports[`Box component matches the snapshot 1`] = `
<div>
  <div
    class="Box"
  >
    <div
      class="Box-box"
      data-testid="box-1"
      style="height: 10em; width: 10em; background-color: red;"
    />
    <button
      class="Box-removeBtn"
    >
      Remove The Box!
    </button>
  </div>
</div>
`;
